
> frontend@0.1.0 build
> next build

Ôû▓ Next.js 16.1.6 (Turbopack)

  Creating an optimized production build ...
Ô£ô Compiled successfully in 12.7s
  Running TypeScript ...
node.exe : Failed to 
compile.
At line:1 char:1
+ & "C:\Program Files
\nodejs/node.exe" 
"C:\Program 
Files\nodejs/node_mo 
...
+ ~~~~~~~~~~~~~~~~~~~
~~~~~~~~~~~~~~~~~~~~~
~~~~~~~~~~~~~~~~~~~~~
~~~~~~~~
    + CategoryInfo   
           : NotSpe  
  cified: (Failed    
 to compile.:Stri    
ng) [], RemoteEx    
ception
    + FullyQualified 
   ErrorId : Native  
  CommandError
 

./src/components/play
er/video-player.tsx:4
0:17
Type error: Type '{ 
url: string; width: 
string; height: 
string; controls: 
true; playing: true; 
onReady: () => void; 
onProgress: (state: 
any) => void | 
undefined; onEnded: 
(() => void) | 
undefined; }' is not 
assignable to type 
'IntrinsicAttributes 
& Omit<ReactPlayerPro
ps, "ref"> & RefAttri
butes<HTMLVideoElemen
t>'.
  Property 'url' 
does not exist on 
type 
'IntrinsicAttributes 
& Omit<ReactPlayerPro
ps, "ref"> & RefAttri
butes<HTMLVideoElemen
t>'.

[0m [90m 38 |[39m 
            {[90m/* 
@ts-ignore */[39m}
 [90m 39 |[39m     
        [33m<[39m[
33mReactPlayer[39m
[31m[1m>[22m[39m
[90m 40 |[39m       
          url[33m=[
39m{[32m`https://www
.youtube.com/watch?v=
${videoId}`[39m}
 [90m    |[39m     
            
[31m[1m^[22m[39m
 [90m 41 |[39m     
            width[33
m=[39m[32m"100%"[3
9m
 [90m 42 |[39m     
            height[3
3m=[39m[32m"100%"[
39m
 [90m 43 |[39m     
            
controls[0m
Next.js build worker 
exited with code: 1 
and signal: null
